// Jest Snapshot v1, https://goo.gl/fbAQLP

exports[`sends a reques with minimal parameters correctly 1`] = `
Object {
  "$": Object {
    "xmlns:lt": "http://thalesgroup.com/RTTI/2012-01-13/ldb/types",
    "xmlns:lt2": "http://thalesgroup.com/RTTI/2014-02-20/ldb/types",
    "xmlns:lt3": "http://thalesgroup.com/RTTI/2015-05-14/ldb/types",
    "xmlns:lt4": "http://thalesgroup.com/RTTI/2015-11-27/ldb/types",
    "xmlns:lt5": "http://thalesgroup.com/RTTI/2016-02-16/ldb/types",
    "xmlns:lt6": "http://thalesgroup.com/RTTI/2017-02-02/ldb/types",
    "xmlns:lt7": "http://thalesgroup.com/RTTI/2017-10-01/ldb/types",
  },
  "crs": "ECR",
  "generatedAt": "2019-11-20T21:09:59.5101527+00:00",
  "locationName": "East Croydon",
  "platformAvailable": "true",
  "trainServices": Object {
    "service": Array [
      Object {
        "destination": Object {
          "location": Array [
            Object {
              "crs": "GTW",
              "locationName": "Gatwick Airport",
            },
          ],
        },
        "etd": "On time",
        "length": "12",
        "operator": "Thameslink",
        "operatorCode": "TL",
        "origin": Object {
          "location": Array [
            Object {
              "crs": "BDM",
              "locationName": "Bedford",
            },
          ],
        },
        "platform": "6",
        "serviceID": "8NvDNS9Gpylp0MOg/MmCxw==",
        "serviceType": "train",
        "std": "21:07",
      },
      Object {
        "destination": Object {
          "location": Array [
            Object {
              "crs": "TBD",
              "locationName": "Three Bridges",
            },
          ],
        },
        "etd": "On time",
        "operator": "Thameslink",
        "operatorCode": "TL",
        "origin": Object {
          "location": Array [
            Object {
              "crs": "LBG",
              "locationName": "London Bridge",
            },
          ],
        },
        "platform": "3",
        "serviceID": "rkEPUnFHelVWfAllpJoHZA==",
        "serviceType": "train",
        "std": "21:08",
      },
    ],
  },
}
`;

exports[`sends a reques with more parameters correctly 1`] = `
Object {
  "$": Object {
    "xmlns:lt": "http://thalesgroup.com/RTTI/2012-01-13/ldb/types",
    "xmlns:lt2": "http://thalesgroup.com/RTTI/2014-02-20/ldb/types",
    "xmlns:lt3": "http://thalesgroup.com/RTTI/2015-05-14/ldb/types",
    "xmlns:lt4": "http://thalesgroup.com/RTTI/2015-11-27/ldb/types",
    "xmlns:lt5": "http://thalesgroup.com/RTTI/2016-02-16/ldb/types",
    "xmlns:lt6": "http://thalesgroup.com/RTTI/2017-02-02/ldb/types",
    "xmlns:lt7": "http://thalesgroup.com/RTTI/2017-10-01/ldb/types",
  },
  "crs": "ECR",
  "generatedAt": "2019-11-20T21:09:59.5101527+00:00",
  "locationName": "East Croydon",
  "platformAvailable": "true",
  "trainServices": Object {
    "service": Array [
      Object {
        "destination": Object {
          "location": Array [
            Object {
              "crs": "GTW",
              "locationName": "Gatwick Airport",
            },
          ],
        },
        "etd": "On time",
        "length": "12",
        "operator": "Thameslink",
        "operatorCode": "TL",
        "origin": Object {
          "location": Array [
            Object {
              "crs": "BDM",
              "locationName": "Bedford",
            },
          ],
        },
        "platform": "6",
        "serviceID": "8NvDNS9Gpylp0MOg/MmCxw==",
        "serviceType": "train",
        "std": "21:07",
      },
      Object {
        "destination": Object {
          "location": Array [
            Object {
              "crs": "TBD",
              "locationName": "Three Bridges",
            },
          ],
        },
        "etd": "On time",
        "operator": "Thameslink",
        "operatorCode": "TL",
        "origin": Object {
          "location": Array [
            Object {
              "crs": "LBG",
              "locationName": "London Bridge",
            },
          ],
        },
        "platform": "3",
        "serviceID": "rkEPUnFHelVWfAllpJoHZA==",
        "serviceType": "train",
        "std": "21:08",
      },
    ],
  },
}
`;
